[36mrolldown-vite v7.2.2 [32mbuilding client environment for production...[36m[39m
[2K
transforming...Γ£ô 2791 modules transformed.
rendering chunks...
computing gzip size...
dist/index.html                   0.46 kB Γöé gzip:   0.30 kB
dist/assets/index-n0HAAR6p.css   69.94 kB Γöé gzip:  11.92 kB
dist/assets/index-CCQpxfzl.js   988.36 kB Γöé gzip: 295.70 kB
node.exe : [33m[plugin 
builtin:reporter] 
At line:1 char:1
+ & "C:\nvm4w\nodejs/node.exe" 
"C:\nvm4w\nodejs/node_modules/n
pm/bin/np ...
+ ~~~~~~~~~~~~~~~~~~~~~~~~~~~~~
~~~~~~~~~~~~~~~~~~~~~~~~~~~~~~~
~~~~~~~~~
    + CategoryInfo          :  
   NotSpecified: ([33m[plugi  
  n builtin:reporter] :Strin   
 g) [], RemoteException
    + FullyQualifiedErrorId :  
   NativeCommandError
 
(!) Some chunks are larger 
than 500 kB after 
minification. Consider:
- Using dynamic import() to 
code-split the application
- Use build.rollupOptions.outpu
t.manualChunks to improve 
chunking: https://rollupjs.org/
configuration-options/#output-m
anualchunks
- Adjust chunk size limit for 
this warning via build.chunkSiz
eWarningLimit.[39m
[31mΓ£ù[39m Build failed in 
1.81s
[31merror during build:
[31mBuild failed with 1 error:

Error: [vite]: Rolldown failed 
to resolve import 
"react-icons/fa" from "D:/E-Com
merce-Cricket-main/src/componen
ts/Footer.jsx".
This is most likely unintended 
because it can break your 
application at runtime.
If you do want to externalize 
this module explicitly add it 
to
`build.rollupOptions.external`
    at viteLog (file:///D:/E-Co
mmerce-Cricket-main/node_module
s/vite/dist/node/chunks/node.js
:33548:57)
    at file:///D:/E-Commerce-Cr
icket-main/node_modules/vite/di
st/node/chunks/node.js:33584:73
    at onwarn (file:///D:/E-Com
merce-Cricket-main/node_modules
/@vitejs/plugin-react/dist/inde
x.js:76:7)
    at file:///D:/E-Commerce-Cr
icket-main/node_modules/vite/di
st/node/chunks/node.js:33584:28
    at onRollupLog (file:///D:/
E-Commerce-Cricket-main/node_mo
dules/vite/dist/node/chunks/nod
e.js:33579:63)
    at onLog (file:///D:/E-Comm
erce-Cricket-main/node_modules/
vite/dist/node/chunks/node.js:3
3347:4)
    at file:///D:/E-Commerce-Cr
icket-main/node_modules/rolldow
n/dist/shared/src-BwxUhqZU.mjs:
323:26
    at logger (file:///D:/E-Com
merce-Cricket-main/node_modules
/rolldown/dist/shared/src-BwxUh
qZU.mjs:314:3)
    at onLog (file:///D:/E-Comm
erce-Cricket-main/node_modules/
rolldown/dist/shared/src-BwxUhq
ZU.mjs:3927:32)[31m
    at aggregateBindingErrorsIn
toJsError (file:///D:/E-Commerc
e-Cricket-main/node_modules/rol
ldown/dist/shared/src-BwxUhqZU.
mjs:2627:18)
    at unwrapBindingResult (fil
e:///D:/E-Commerce-Cricket-main
/node_modules/rolldown/dist/sha
red/src-BwxUhqZU.mjs:2602:128)
    at RolldownBuild.write (fil
e:///D:/E-Commerce-Cricket-main
/node_modules/rolldown/dist/sha
red/src-BwxUhqZU.mjs:4394:33)
    at async buildEnvironment (
file:///D:/E-Commerce-Cricket-m
ain/node_modules/vite/dist/node
/chunks/node.js:33455:64)
    at async Object.build (file
:///D:/E-Commerce-Cricket-main/
node_modules/vite/dist/node/chu
nks/node.js:33858:19)
    at async Object.buildApp (f
ile:///D:/E-Commerce-Cricket-ma
in/node_modules/vite/dist/node/
chunks/node.js:33855:153)
    at async CAC.<anonymous> (f
ile:///D:/E-Commerce-Cricket-ma
in/node_modules/vite/dist/node/
cli.js:629:3)[39m
